Godot Engine v4.6.3.stable.official.7d41c59c4 - https://godotengine.org

[   0% ] [90m[1mfirst_scan_filesystem[22m | Started Project initialization (5 steps)[39m[0m
[   0% ] [90m[1mfirst_scan_filesystem[22m | Scanning file structure...[39m[0m
[  16% ] [90m[1mfirst_scan_filesystem[22m | Loading global class names...[39m[0m
[  33% ] [90m[1mfirst_scan_filesystem[22m | Verifying GDExtensions...[39m[0m
[  50% ] [90m[1mfirst_scan_filesystem[22m | Creating autoload scripts...[39m[0m
[  66% ] [90m[1mfirst_scan_filesystem[22m | Initializing plugins...[39m[0m
[  83% ] [90m[1mfirst_scan_filesystem[22m | Starting file scan...[39m[0m
[92m[ DONE ][39m [1mfirst_scan_filesystem[22m
[0m
[   0% ] [90m[1mupdate_scripts_classes[22m | Started Registering global classes... (10 steps)[39m[0m
[   0% ] [90m[1mupdate_scripts_classes[22m | [39m[0m
[   9% ] [90m[1mupdate_scripts_classes[22m | [39m[0m
[  18% ] [90m[1mupdate_scripts_classes[22m | [39m[0m
[  27% ] [90m[1mupdate_scripts_classes[22m | [39m[0m
[  36% ] [90m[1mupdate_scripts_classes[22m | GeneratedActorArt[39m[0m
[  45% ] [90m[1mupdate_scripts_classes[22m | [39m[0m
[  54% ] [90m[1mupdate_scripts_classes[22m | GeneratedMonster[39m[0m
[  63% ] [90m[1mupdate_scripts_classes[22m | [39m[0m
[  72% ] [90m[1mupdate_scripts_classes[22m | OathModel[39m[0m
[  81% ] [90m[1mupdate_scripts_classes[22m | [39m[0m
[92m[ DONE ][39m [1mupdate_scripts_classes[22m
[0m
[   0% ] [90m[1m_update_scan_actions[22m | Started Scanning actions... (51 steps)[39m[0m
[   0% ] [90m[1m_update_scan_actions[22m | drowned_reliquary_arena.webp[39m[0m
[   1% ] [90m[1m_update_scan_actions[22m | pale_throne_arena.webp[39m[0m
[   3% ] [90m[1m_update_scan_actions[22m | 01-baseline-bellkeeper.jpg[39m[0m
[   5% ] [90m[1m_update_scan_actions[22m | 02-baseline-early-end.jpg[39m[0m
[   7% ] [90m[1m_update_scan_actions[22m | 03-baseline-severed-omen.jpg[39m[0m
[   9% ] [90m[1m_update_scan_actions[22m | 04-live-forecast.jpg[39m[0m
[  11% ] [90m[1m_update_scan_actions[22m | 05-unused-actions-dialog.jpg[39m[0m
[  13% ] [90m[1m_update_scan_actions[22m | 06-staggered-forecast.jpg[39m[0m
[  15% ] [90m[1m_update_scan_actions[22m | 07-cancelled-omen.jpg[39m[0m
[  17% ] [90m[1m_update_scan_actions[22m | 08-new-cycle-warning.jpg[39m[0m
[  19% ] [90m[1m_update_scan_actions[22m | 09-build-inspector.jpg[39m[0m
[  21% ] [90m[1m_update_scan_actions[22m | 10-judge-third-round.jpg[39m[0m
[  23% ] [90m[1m_update_scan_actions[22m | 11-final-region-enemy.jpg[39m[0m
[  25% ] [90m[1m_update_scan_actions[22m | 12-full-collection-event.jpg[39m[0m
[  26% ] [90m[1m_update_scan_actions[22m | 13-final-reward.jpg[39m[0m
[  28% ] [90m[1m_update_scan_actions[22m | 14-full-victory.jpg[39m[0m
[  30% ] [90m[1m_update_scan_actions[22m | 15-victory-corrected.jpg[39m[0m
[  32% ] [90m[1m_update_scan_actions[22m | 01-guide.jpg[39m[0m
[  34% ] [90m[1m_update_scan_actions[22m | 02-negative-karma-boss.jpg[39m[0m
[  36% ] [90m[1m_update_scan_actions[22m | 03-judge-next-round-warning.jpg[39m[0m
[  38% ] [90m[1m_update_scan_actions[22m | 04-judge-split-verdict.jpg[39m[0m
[  40% ] [90m[1m_update_scan_actions[22m | 05-readable-dual-resume.jpg[39m[0m
[  42% ] [90m[1m_update_scan_actions[22m | 06-marked-hero-ward.jpg[39m[0m
[  44% ] [90m[1m_update_scan_actions[22m | 07-break-plus-ward-forecast.jpg[39m[0m
[  46% ] [90m[1m_update_scan_actions[22m | 08-judge-guard-resolution.jpg[39m[0m
[  48% ] [90m[1m_update_scan_actions[22m | 09-judge-victory.jpg[39m[0m
[  50% ] [90m[1m_update_scan_actions[22m | 10-pale-gathering-warning.jpg[39m[0m
[  51% ] [90m[1m_update_scan_actions[22m | 11-pale-zenith-release.jpg[39m[0m
[  53% ] [90m[1m_update_scan_actions[22m | 12-pale-restored-target.jpg[39m[0m
[  55% ] [90m[1m_update_scan_actions[22m | 13-pale-sever-and-ward.jpg[39m[0m
[  57% ] [90m[1m_update_scan_actions[22m | 14-pale-fading-light.jpg[39m[0m
[  59% ] [90m[1m_update_scan_actions[22m | 15-recovery-guard-plan.jpg[39m[0m
[  61% ] [90m[1m_update_scan_actions[22m | 16-recovery-resolution.jpg[39m[0m
[  63% ] [90m[1m_update_scan_actions[22m | 17-pale-victory-reward.jpg[39m[0m
[  65% ] [90m[1m_update_scan_actions[22m | 18-full-counterplay-victory.jpg[39m[0m
[  67% ] [90m[1m_update_scan_actions[22m | 01-before-final-strike.jpg[39m[0m
[  69% ] [90m[1m_update_scan_actions[22m | 02-finisher-first-check.jpg[39m[0m
[  71% ] [90m[1m_update_scan_actions[22m | 03-natural-reward.jpg[39m[0m
[  73% ] [90m[1m_update_scan_actions[22m | 04-before-leg-finisher.jpg[39m[0m
[  75% ] [90m[1m_update_scan_actions[22m | 05-bellkeeper-finisher.jpg[39m[0m
[  76% ] [90m[1m_update_scan_actions[22m | 06-bellkeeper-dissolve.jpg[39m[0m
[  78% ] [90m[1m_update_scan_actions[22m | 07-bellkeeper-reward.jpg[39m[0m
[  80% ] [90m[1m_update_scan_actions[22m | 08-reward-resumed.jpg[39m[0m
[  82% ] [90m[1m_update_scan_actions[22m | 09-safe-space-confirmation.jpg[39m[0m
[  84% ] [90m[1m_update_scan_actions[22m | 10-before-skip.jpg[39m[0m
[  86% ] [90m[1m_update_scan_actions[22m | 11-escape-skipped-reward.jpg[39m[0m
[  88% ] [90m[1m_update_scan_actions[22m | 12-post-skip-choice.jpg[39m[0m
[  90% ] [90m[1m_update_scan_actions[22m | native-cp7-generated-battle.jpg[39m[0m
[  92% ] [90m[1m_update_scan_actions[22m | native-cp7-ivo-studio.jpg[39m[0m
[  94% ] [90m[1m_update_scan_actions[22m | native-cp7-mara-studio.jpg[39m[0m
[  96% ] [90m[1m_update_scan_actions[22m | native-cp7-sable-studio.jpg[39m[0m
[92m[ DONE ][39m [1m_update_scan_actions[22m
[0m
[   0% ] [90m[1mreimport[22m | Started (Re)Importing Assets (51 steps)[39m[0m
[   0% ] [90m[1mreimport[22m | Preparing files to reimport...[39m[0m
[   1% ] [90m[1mreimport[22m | Preparing files to reimport...[39m[0m
[   3% ] [90m[1mreimport[22m | Preparing files to reimport...[39m[0m
[   5% ] [90m[1mreimport[22m | Preparing files to reimport...[39m[0m
[   7% ] [90m[1mreimport[22m | Preparing files to reimport...[39m[0m
[   9% ] [90m[1mreimport[22m | Preparing files to reimport...[39m[0m
[  11% ] [90m[1mreimport[22m | Preparing files to reimport...[39m[0m
[  13% ] [90m[1mreimport[22m | Preparing files to reimport...[39m[0m
[  15% ] [90m[1mreimport[22m | Preparing files to reimport...[39m[0m
[  17% ] [90m[1mreimport[22m | Preparing files to reimport...[39m[0m
[  19% ] [90m[1mreimport[22m | Preparing files to reimport...[39m[0m
[  21% ] [90m[1mreimport[22m | Preparing files to reimport...[39m[0m
[  23% ] [90m[1mreimport[22m | Preparing files to reimport...[39m[0m
[  25% ] [90m[1mreimport[22m | Preparing files to reimport...[39m[0m
[  26% ] [90m[1mreimport[22m | Preparing files to reimport...[39m[0m
[  28% ] [90m[1mreimport[22m | Preparing files to reimport...[39m[0m
[  30% ] [90m[1mreimport[22m | Preparing files to reimport...[39m[0m
[  32% ] [90m[1mreimport[22m | Preparing files to reimport...[39m[0m
[  34% ] [90m[1mreimport[22m | Preparing files to reimport...[39m[0m
[  36% ] [90m[1mreimport[22m | Preparing files to reimport...[39m[0m
[  38% ] [90m[1mreimport[22m | Preparing files to reimport...[39m[0m
[  40% ] [90m[1mreimport[22m | Preparing files to reimport...[39m[0m
[  42% ] [90m[1mreimport[22m | Preparing files to reimport...[39m[0m
[  44% ] [90m[1mreimport[22m | Preparing files to reimport...[39m[0m
[  46% ] [90m[1mreimport[22m | Preparing files to reimport...[39m[0m
[  48% ] [90m[1mreimport[22m | Preparing files to reimport...[39m[0m
[  50% ] [90m[1mreimport[22m | Preparing files to reimport...[39m[0m
[  51% ] [90m[1mreimport[22m | Preparing files to reimport...[39m[0m
[  53% ] [90m[1mreimport[22m | Preparing files to reimport...[39m[0m
[  55% ] [90m[1mreimport[22m | Preparing files to reimport...[39m[0m
[  57% ] [90m[1mreimport[22m | Preparing files to reimport...[39m[0m
[  59% ] [90m[1mreimport[22m | Preparing files to reimport...[39m[0m
[  61% ] [90m[1mreimport[22m | Preparing files to reimport...[39m[0m
[  63% ] [90m[1mreimport[22m | Preparing files to reimport...[39m[0m
[  65% ] [90m[1mreimport[22m | Preparing files to reimport...[39m[0m
[  67% ] [90m[1mreimport[22m | Preparing files to reimport...[39m[0m
[  69% ] [90m[1mreimport[22m | Preparing files to reimport...[39m[0m
[  71% ] [90m[1mreimport[22m | Preparing files to reimport...[39m[0m
[  73% ] [90m[1mreimport[22m | Preparing files to reimport...[39m[0m
[  75% ] [90m[1mreimport[22m | Preparing files to reimport...[39m[0m
[  76% ] [90m[1mreimport[22m | Preparing files to reimport...[39m[0m
[  78% ] [90m[1mreimport[22m | Preparing files to reimport...[39m[0m
[  80% ] [90m[1mreimport[22m | Preparing files to reimport...[39m[0m
[  82% ] [90m[1mreimport[22m | Preparing files to reimport...[39m[0m
[  84% ] [90m[1mreimport[22m | Preparing files to reimport...[39m[0m
[  86% ] [90m[1mreimport[22m | Preparing files to reimport...[39m[0m
[  88% ] [90m[1mreimport[22m | Preparing files to reimport...[39m[0m
[  90% ] [90m[1mreimport[22m | Preparing files to reimport...[39m[0m
[  92% ] [90m[1mreimport[22m | Preparing files to reimport...[39m[0m
[  94% ] [90m[1mreimport[22m | Preparing files to reimport...[39m[0m
[  96% ] [90m[1mreimport[22m | Preparing files to reimport...[39m[0m
[   0% ] [90m[1mreimport[22m | Executing pre-reimport operations...[39m[0m
[   0% ] [90m[1mreimport[22m | 10-pale-gathering-warning.jpg[39m[0m
[   1% ] [90m[1mreimport[22m | 11-pale-zenith-release.jpg[39m[0m
[   3% ] [90m[1mreimport[22m | 12-pale-restored-target.jpg[39m[0m
[   5% ] [90m[1mreimport[22m | 13-pale-sever-and-ward.jpg[39m[0m
[   7% ] [90m[1mreimport[22m | 14-pale-fading-light.jpg[39m[0m
[   9% ] [90m[1mreimport[22m | 15-recovery-guard-plan.jpg[39m[0m
[  11% ] [90m[1mreimport[22m | 16-recovery-resolution.jpg[39m[0m
[  13% ] [90m[1mreimport[22m | 17-pale-victory-reward.jpg[39m[0m
[  15% ] [90m[1mreimport[22m | 18-full-counterplay-victory.jpg[39m[0m
[  17% ] [90m[1mreimport[22m | 01-before-final-strike.jpg[39m[0m
[  19% ] [90m[1mreimport[22m | 02-finisher-first-check.jpg[39m[0m
[  21% ] [90m[1mreimport[22m | 03-natural-reward.jpg[39m[0m
[  23% ] [90m[1mreimport[22m | 04-before-leg-finisher.jpg[39m[0m
[  25% ] [90m[1mreimport[22m | 05-bellkeeper-finisher.jpg[39m[0m
[  26% ] [90m[1mreimport[22m | 06-bellkeeper-dissolve.jpg[39m[0m
[  28% ] [90m[1mreimport[22m | 07-bellkeeper-reward.jpg[39m[0m
[  30% ] [90m[1mreimport[22m | 08-reward-resumed.jpg[39m[0m
[  32% ] [90m[1mreimport[22m | 09-safe-space-confirmation.jpg[39m[0m
[  34% ] [90m[1mreimport[22m | 10-before-skip.jpg[39m[0m
[  36% ] [90m[1mreimport[22m | 11-escape-skipped-reward.jpg[39m[0m
[  38% ] [90m[1mreimport[22m | 12-post-skip-choice.jpg[39m[0m
[  40% ] [90m[1mreimport[22m | native-cp7-generated-battle.jpg[39m[0m
[  42% ] [90m[1mreimport[22m | native-cp7-ivo-studio.jpg[39m[0m
[  44% ] [90m[1mreimport[22m | native-cp7-mara-studio.jpg[39m[0m
[  46% ] [90m[1mreimport[22m | native-cp7-sable-studio.jpg[39m[0m
[  48% ] [90m[1mreimport[22m | drowned_reliquary_arena.webp[39m[0m
[  50% ] [90m[1mreimport[22m | pale_throne_arena.webp[39m[0m
[  51% ] [90m[1mreimport[22m | 01-baseline-bellkeeper.jpg[39m[0m
[  53% ] [90m[1mreimport[22m | 02-baseline-early-end.jpg[39m[0m
[  55% ] [90m[1mreimport[22m | 03-baseline-severed-omen.jpg[39m[0m
[  57% ] [90m[1mreimport[22m | 04-live-forecast.jpg[39m[0m
[  59% ] [90m[1mreimport[22m | 05-unused-actions-dialog.jpg[39m[0m
[  61% ] [90m[1mreimport[22m | 06-staggered-forecast.jpg[39m[0m
[  63% ] [90m[1mreimport[22m | 07-cancelled-omen.jpg[39m[0m
[  65% ] [90m[1mreimport[22m | 08-new-cycle-warning.jpg[39m[0m
[  67% ] [90m[1mreimport[22m | 09-build-inspector.jpg[39m[0m
[  69% ] [90m[1mreimport[22m | 10-judge-third-round.jpg[39m[0m
[  71% ] [90m[1mreimport[22m | 11-final-region-enemy.jpg[39m[0m
[  73% ] [90m[1mreimport[22m | 12-full-collection-event.jpg[39m[0m
[  75% ] [90m[1mreimport[22m | 13-final-reward.jpg[39m[0m
[  76% ] [90m[1mreimport[22m | 14-full-victory.jpg[39m[0m
[  78% ] [90m[1mreimport[22m | 15-victory-corrected.jpg[39m[0m
[  80% ] [90m[1mreimport[22m | 01-guide.jpg[39m[0m
[  82% ] [90m[1mreimport[22m | 02-negative-karma-boss.jpg[39m[0m
[  84% ] [90m[1mreimport[22m | 03-judge-next-round-warning.jpg[39m[0m
[  86% ] [90m[1mreimport[22m | 04-judge-split-verdict.jpg[39m[0m
[  88% ] [90m[1mreimport[22m | 05-readable-dual-resume.jpg[39m[0m
[  90% ] [90m[1mreimport[22m | 06-marked-hero-ward.jpg[39m[0m
[  92% ] [90m[1mreimport[22m | 07-break-plus-ward-forecast.jpg[39m[0m
[  94% ] [90m[1mreimport[22m | 08-judge-guard-resolution.jpg[39m[0m
[  96% ] [90m[1mreimport[22m | 09-judge-victory.jpg[39m[0m
[  98% ] [90m[1mreimport[22m | Finalizing Asset Import...[39m[0m
[92m[ DONE ][39m [1mreimport[22m
[0m
[   0% ] [90m[1mreimport[22m | Started (Re)Importing Assets (51 steps)[39m[0m
[   0% ] [90m[1mreimport[22m | Executing post-reimport operations...[39m[0m
[92m[ DONE ][39m [1mreimport[22m
[0m
[   0% ] [90m[1mloading_editor_layout[22m | Started Loading editor (5 steps)[39m[0m
[   0% ] [90m[1mloading_editor_layout[22m | Loading editor layout...[39m[0m
[  16% ] [90m[1mloading_editor_layout[22m | Loading docks...[39m[0m
[92m[ DONE ][39m [1mloading_editor_layout[22m
[0m
