ISOLATED_PROFILE=/workspace/scratch/1164483895fe/ashen-oath-resume-20261010/.runtime/choice-profile.uSvhhN
Godot Engine v4.7.2.stable.official.ed1daf0bf - https://godotengine.org

CHOICE seed=81 code=baseline strategy=A result=victory steps=128 damage=265 rounds=25 rejected=0 softlock=false
CHOICE seed=81 code=baseline strategy=B result=victory steps=898 damage=0 rounds=177 rejected=0 softlock=false
CHOICE seed=81 code=candidate strategy=A result=victory steps=129 damage=223 rounds=24 rejected=0 softlock=false
CHOICE seed=81 code=candidate strategy=B result=victory steps=1579 damage=868 rounds=325 rejected=0 softlock=false
CHOICE seed=82 code=baseline strategy=A result=victory steps=112 damage=248 rounds=21 rejected=0 softlock=false
CHOICE seed=82 code=baseline strategy=B result=victory steps=878 damage=0 rounds=174 rejected=0 softlock=false
CHOICE seed=82 code=candidate strategy=A result=victory steps=117 damage=181 rounds=22 rejected=0 softlock=false
CHOICE seed=82 code=candidate strategy=B result=defeat steps=554 damage=206 rounds=115 rejected=0 softlock=false
CHOICE seed=83 code=baseline strategy=A result=victory steps=108 damage=218 rounds=20 rejected=0 softlock=false
CHOICE seed=83 code=baseline strategy=B result=victory steps=773 damage=0 rounds=153 rejected=0 softlock=false
CHOICE seed=83 code=candidate strategy=A result=victory steps=110 damage=222 rounds=22 rejected=0 softlock=false
CHOICE seed=83 code=candidate strategy=B result=victory steps=1184 damage=628 rounds=242 rejected=0 softlock=false
CHOICE seed=84 code=baseline strategy=A result=victory steps=160 damage=306 rounds=32 rejected=0 softlock=false
CHOICE seed=84 code=baseline strategy=B result=victory steps=1153 damage=0 rounds=228 rejected=0 softlock=false
CHOICE seed=84 code=candidate strategy=A result=victory steps=167 damage=377 rounds=34 rejected=0 softlock=false
CHOICE seed=84 code=candidate strategy=B result=defeat steps=666 damage=278 rounds=144 rejected=0 softlock=false
CHOICE seed=85 code=baseline strategy=A result=victory steps=125 damage=299 rounds=24 rejected=0 softlock=false
CHOICE seed=85 code=baseline strategy=B result=victory steps=809 damage=0 rounds=161 rejected=0 softlock=false
CHOICE seed=85 code=candidate strategy=A result=victory steps=111 damage=154 rounds=21 rejected=0 softlock=false
CHOICE seed=85 code=candidate strategy=B result=victory steps=1198 damage=808 rounds=244 rejected=0 softlock=false
CHOICE seed=86 code=baseline strategy=A result=victory steps=87 damage=195 rounds=15 rejected=0 softlock=false
CHOICE seed=86 code=baseline strategy=B result=victory steps=626 damage=0 rounds=120 rejected=0 softlock=false
CHOICE seed=86 code=candidate strategy=A result=victory steps=94 damage=149 rounds=17 rejected=0 softlock=false
CHOICE seed=86 code=candidate strategy=B result=defeat steps=302 damage=206 rounds=61 rejected=0 softlock=false
CHOICE seed=87 code=baseline strategy=A result=victory steps=122 damage=223 rounds=23 rejected=0 softlock=false
CHOICE seed=87 code=baseline strategy=B result=victory steps=843 damage=0 rounds=167 rejected=0 softlock=false
CHOICE seed=87 code=candidate strategy=A result=victory steps=137 damage=215 rounds=27 rejected=0 softlock=false
CHOICE seed=87 code=candidate strategy=B result=victory steps=1565 damage=608 rounds=323 rejected=0 softlock=false
CHOICE seed=88 code=baseline strategy=A result=victory steps=100 damage=218 rounds=18 rejected=0 softlock=false
CHOICE seed=88 code=baseline strategy=B result=victory steps=1010 damage=0 rounds=204 rejected=0 softlock=false
CHOICE seed=88 code=candidate strategy=A result=victory steps=107 damage=109 rounds=19 rejected=0 softlock=false
CHOICE seed=88 code=candidate strategy=B result=defeat steps=806 damage=206 rounds=169 rejected=0 softlock=false
CHOICE seed=89 code=baseline strategy=A result=victory steps=115 damage=208 rounds=22 rejected=0 softlock=false
CHOICE seed=89 code=baseline strategy=B result=victory steps=807 damage=0 rounds=164 rejected=0 softlock=false
CHOICE seed=89 code=candidate strategy=A result=victory steps=109 damage=173 rounds=20 rejected=0 softlock=false
CHOICE seed=89 code=candidate strategy=B result=victory steps=1158 damage=351 rounds=244 rejected=0 softlock=false
CHOICE seed=90 code=baseline strategy=A result=victory steps=80 damage=176 rounds=14 rejected=0 softlock=false
CHOICE seed=90 code=baseline strategy=B result=victory steps=758 damage=0 rounds=150 rejected=0 softlock=false
CHOICE seed=90 code=candidate strategy=A result=victory steps=87 damage=109 rounds=15 rejected=0 softlock=false
CHOICE seed=90 code=candidate strategy=B result=defeat steps=554 damage=206 rounds=115 rejected=0 softlock=false
CHOICE seed=91 code=baseline strategy=A result=victory steps=150 damage=281 rounds=30 rejected=0 softlock=false
CHOICE seed=91 code=baseline strategy=B result=victory steps=1099 damage=0 rounds=217 rejected=0 softlock=false
CHOICE seed=91 code=candidate strategy=A result=defeat steps=123 damage=327 rounds=28 rejected=0 softlock=false
CHOICE seed=91 code=candidate strategy=B result=victory steps=1786 damage=964 rounds=368 rejected=0 softlock=false
CHOICE seed=92 code=baseline strategy=A result=victory steps=161 damage=353 rounds=33 rejected=0 softlock=false
CHOICE seed=92 code=baseline strategy=B result=victory steps=1188 damage=0 rounds=234 rejected=0 softlock=false
CHOICE seed=92 code=candidate strategy=A result=victory steps=175 damage=350 rounds=38 rejected=0 softlock=false
CHOICE seed=92 code=candidate strategy=B result=defeat steps=670 damage=278 rounds=146 rejected=0 softlock=false
CHOICE seed=93 code=baseline strategy=A result=victory steps=116 damage=290 rounds=22 rejected=0 softlock=false
CHOICE seed=93 code=baseline strategy=B result=victory steps=712 damage=0 rounds=137 rejected=0 softlock=false
CHOICE seed=93 code=candidate strategy=A result=victory steps=126 damage=241 rounds=25 rejected=0 softlock=false
CHOICE seed=93 code=candidate strategy=B result=victory steps=1236 damage=1088 rounds=250 rejected=0 softlock=false
CHOICE seed=94 code=baseline strategy=A result=victory steps=151 damage=314 rounds=30 rejected=0 softlock=false
CHOICE seed=94 code=baseline strategy=B result=victory steps=1320 damage=0 rounds=264 rejected=0 softlock=false
CHOICE seed=94 code=candidate strategy=A result=victory steps=156 damage=230 rounds=30 rejected=0 softlock=false
CHOICE seed=94 code=candidate strategy=B result=defeat steps=922 damage=278 rounds=200 rejected=0 softlock=false
CHOICE seed=95 code=baseline strategy=A result=victory steps=114 damage=213 rounds=22 rejected=0 softlock=false
CHOICE seed=95 code=baseline strategy=B result=victory steps=617 damage=0 rounds=118 rejected=0 softlock=false
CHOICE seed=95 code=candidate strategy=A result=victory steps=124 damage=267 rounds=24 rejected=0 softlock=false
CHOICE seed=95 code=candidate strategy=B result=defeat steps=746 damage=272 rounds=165 rejected=0 softlock=false
CHOICE seed=96 code=baseline strategy=A result=victory steps=129 damage=297 rounds=26 rejected=0 softlock=false
CHOICE seed=96 code=baseline strategy=B result=victory steps=781 damage=0 rounds=150 rejected=0 softlock=false
CHOICE seed=96 code=candidate strategy=A result=victory steps=129 damage=234 rounds=27 rejected=0 softlock=false
CHOICE seed=96 code=candidate strategy=B result=defeat steps=414 damage=278 rounds=90 rejected=0 softlock=false
CHOICE seed=97 code=baseline strategy=A result=defeat steps=94 damage=265 rounds=20 rejected=0 softlock=false
CHOICE seed=97 code=baseline strategy=B result=victory steps=698 damage=0 rounds=135 rejected=0 softlock=false
CHOICE seed=97 code=candidate strategy=A result=defeat steps=100 damage=262 rounds=25 rejected=0 softlock=false
CHOICE seed=97 code=candidate strategy=B result=defeat steps=435 damage=206 rounds=89 rejected=0 softlock=false
CHOICE seed=98 code=baseline strategy=A result=victory steps=80 damage=176 rounds=14 rejected=0 softlock=false
CHOICE seed=98 code=baseline strategy=B result=victory steps=758 damage=0 rounds=150 rejected=0 softlock=false
CHOICE seed=98 code=candidate strategy=A result=victory steps=87 damage=109 rounds=15 rejected=0 softlock=false
CHOICE seed=98 code=candidate strategy=B result=defeat steps=554 damage=206 rounds=115 rejected=0 softlock=false
CHOICE seed=99 code=baseline strategy=A result=victory steps=152 damage=207 rounds=29 rejected=0 softlock=false
CHOICE seed=99 code=baseline strategy=B result=victory steps=1213 damage=0 rounds=244 rejected=0 softlock=false
CHOICE seed=99 code=candidate strategy=A result=defeat steps=126 damage=276 rounds=31 rejected=0 softlock=false
CHOICE seed=99 code=candidate strategy=B result=victory steps=2015 damage=684 rounds=420 rejected=0 softlock=false
CHOICE seed=100 code=baseline strategy=A result=victory steps=183 damage=398 rounds=37 rejected=0 softlock=false
CHOICE seed=100 code=baseline strategy=B result=victory steps=1440 damage=0 rounds=288 rejected=0 softlock=false
CHOICE seed=100 code=candidate strategy=A result=victory steps=188 damage=279 rounds=38 rejected=0 softlock=false
CHOICE seed=100 code=candidate strategy=B result=defeat steps=922 damage=278 rounds=200 rejected=0 softlock=false
CHOICE REVIEW: 80 campaigns, 427 battles, 0 failures. Scripted Ashen comparison only; no target parity or human-playability claim.
