Godot Engine v4.7.2.stable.official.ed1daf0bf - https://godotengine.org

Full route seed 1: 28 turns/choices, 40 essence, 120 gold
Full route seed 2: 30 turns/choices, 45 essence, 152 gold
Full route seed 3: 32 turns/choices, 47 essence, 150 gold
Full route seed 42: 32 turns/choices, 49 essence, 188 gold
Full route seed 2607: 28 turns/choices, 40 essence, 128 gold
Full route seed 999: 33 turns/choices, 52 essence, 182 gold
ASHEN OATH MODEL: 78 checks; 0 failures
Godot Engine v4.7.2.stable.official.ed1daf0bf - https://godotengine.org

UI HANDLER TESTS PASSED: 100 (headless, not rendered visual QA)
Godot Engine v4.7.2.stable.official.ed1daf0bf - https://godotengine.org

RESUME TEST PASSED: 7 assertions, including exact next-round continuity
Godot Engine v4.7.2.stable.official.ed1daf0bf - https://godotengine.org

CAMPAIGN STRESS PASSED: 50 seeds, 50 wins, 0 defeats; no hangs or invalid HP/MP. Scripted rules play, not human screen play.
Godot Engine v4.7.2.stable.official.ed1daf0bf - https://godotengine.org

ANIMATION TESTS PASSED: 1133 checks (runtime, studio handlers, original atlas pixels)
Godot Engine v4.7.2.stable.official.ed1daf0bf - https://godotengine.org

GENERATED ART: 177 checks; 0 failures
Godot Engine v4.7.2.stable.official.ed1daf0bf - https://godotengine.org

TACTICAL FORECAST / SAFEGUARD TESTS PASSED: 770
Godot Engine v4.7.2.stable.official.ed1daf0bf - https://godotengine.org

Sequential forecast matrix: 1944 cases
BOSS COUNTERPLAY MODEL: 22054 checks; 0 failures. Model tests only, not human visual QA.
Godot Engine v4.7.2.stable.official.ed1daf0bf - https://godotengine.org

COUNTERPLAY UI CHECKS PASSED: 121 (headless layout/handlers, not visual QA)
Godot Engine v4.7.2.stable.official.ed1daf0bf - https://godotengine.org

FINISHER: nonlethal, guard and rejected-action checks finished
FINISHER: HP kill and all three last-part sever paths finished
FINISHER: public action guards and stale button emissions finished
FINISHER: viewport input, held/released keys and click isolation finished
FINISHER: focused old action button and Space-through-kill isolation finished
FINISHER: battle Space/confirmation overlap and preserved menu/dialog accessibility finished
FINISHER: natural timeout, idempotent completion and one reward choice finished
FINISHER: autosave during presentation and fresh-scene resume finished
FINISHER: final-boss reward and one-time legacy settlement finished
FINISHER: defeat, shader defaults and fresh-battle reset finished
FINISHER TESTS: 374 checks; 0 failures (headless scene/model/input/save coverage, not visual QA)
Godot Engine v4.7.2.stable.official.ed1daf0bf - https://godotengine.org

REGION ARENA TESTS: 81 checks; 0 failures (assets/selector/layout, not native visual QA)
Godot Engine v4.7.2.stable.official.ed1daf0bf - https://godotengine.org

LOCALIZATION SELFTEST: 159465 checks, 52865 display strings reviewed, 0 failures
Godot Engine v4.7.2.stable.official.ed1daf0bf - https://godotengine.org

LOCALIZED UI SELFTEST: 36024 checks; 92 contexts; 0 failures (headless layout/input/font coverage, not native visual QA)
Godot Engine v4.7.2.stable.official.ed1daf0bf - https://godotengine.org

SAVE RECOVERY: 188 checks; 0 failures
Godot Engine v4.7.2.stable.official.ed1daf0bf - https://godotengine.org

REFERENCE CONTRACT: 24 checks; 0 failures. Evidence admission only, not mechanics equivalence or fun validation.
Godot Engine v4.7.2.stable.official.ed1daf0bf - https://godotengine.org

HISTORICAL EFFECT RESOLVER: 48 checks; 0 failures. Historical descriptor compatibility only; no target-game parity claim.
Godot Engine v4.7.2.stable.official.ed1daf0bf - https://godotengine.org

CAMPAIGN seed=81 outcome=victory node=9 steps=128 battles=6 final_battle_sever_events=2
CAMPAIGN seed=81 outcome=victory node=9 steps=128 battles=6 final_battle_sever_events=2
CAMPAIGN seed=82 outcome=victory node=9 steps=112 battles=5 final_battle_sever_events=3
CAMPAIGN seed=82 outcome=victory node=9 steps=112 battles=5 final_battle_sever_events=3
CAMPAIGN seed=83 outcome=victory node=9 steps=108 battles=5 final_battle_sever_events=2
CAMPAIGN seed=83 outcome=victory node=9 steps=108 battles=5 final_battle_sever_events=2
CAMPAIGN seed=84 outcome=victory node=9 steps=160 battles=7 final_battle_sever_events=3
CAMPAIGN seed=84 outcome=victory node=9 steps=160 battles=7 final_battle_sever_events=3
CAMPAIGN seed=85 outcome=victory node=9 steps=125 battles=5 final_battle_sever_events=3
CAMPAIGN seed=85 outcome=victory node=9 steps=125 battles=5 final_battle_sever_events=3
CAMPAIGN seed=86 outcome=victory node=9 steps=87 battles=4 final_battle_sever_events=3
CAMPAIGN seed=86 outcome=victory node=9 steps=87 battles=4 final_battle_sever_events=3
CAMPAIGN seed=87 outcome=victory node=9 steps=122 battles=6 final_battle_sever_events=2
CAMPAIGN seed=87 outcome=victory node=9 steps=122 battles=6 final_battle_sever_events=2
CAMPAIGN seed=88 outcome=victory node=9 steps=100 battles=5 final_battle_sever_events=2
CAMPAIGN seed=88 outcome=victory node=9 steps=100 battles=5 final_battle_sever_events=2
CAMPAIGN seed=89 outcome=victory node=9 steps=115 battles=5 final_battle_sever_events=3
CAMPAIGN seed=89 outcome=victory node=9 steps=115 battles=5 final_battle_sever_events=3
CAMPAIGN seed=90 outcome=victory node=9 steps=80 battles=4 final_battle_sever_events=2
CAMPAIGN seed=90 outcome=victory node=9 steps=80 battles=4 final_battle_sever_events=2
CAMPAIGN seed=91 outcome=victory node=9 steps=150 battles=7 final_battle_sever_events=3
CAMPAIGN seed=91 outcome=victory node=9 steps=150 battles=7 final_battle_sever_events=3
CAMPAIGN seed=92 outcome=victory node=9 steps=161 battles=7 final_battle_sever_events=3
CAMPAIGN seed=92 outcome=victory node=9 steps=161 battles=7 final_battle_sever_events=3
CAMPAIGN seed=93 outcome=victory node=9 steps=116 battles=5 final_battle_sever_events=2
CAMPAIGN seed=93 outcome=victory node=9 steps=116 battles=5 final_battle_sever_events=2
CAMPAIGN seed=94 outcome=victory node=9 steps=151 battles=7 final_battle_sever_events=2
CAMPAIGN seed=94 outcome=victory node=9 steps=151 battles=7 final_battle_sever_events=2
CAMPAIGN seed=95 outcome=victory node=9 steps=114 battles=5 final_battle_sever_events=3
CAMPAIGN seed=95 outcome=victory node=9 steps=114 battles=5 final_battle_sever_events=3
CAMPAIGN seed=96 outcome=victory node=9 steps=129 battles=5 final_battle_sever_events=3
CAMPAIGN seed=96 outcome=victory node=9 steps=129 battles=5 final_battle_sever_events=3
CAMPAIGN seed=97 outcome=defeat node=6 steps=94 battles=4 final_battle_sever_events=1
CAMPAIGN seed=97 outcome=defeat node=6 steps=94 battles=4 final_battle_sever_events=1
CAMPAIGN seed=98 outcome=victory node=9 steps=80 battles=4 final_battle_sever_events=2
CAMPAIGN seed=98 outcome=victory node=9 steps=80 battles=4 final_battle_sever_events=2
CAMPAIGN seed=99 outcome=victory node=9 steps=152 battles=8 final_battle_sever_events=3
CAMPAIGN seed=99 outcome=victory node=9 steps=152 battles=8 final_battle_sever_events=3
CAMPAIGN seed=100 outcome=victory node=9 steps=183 battles=8 final_battle_sever_events=3
CAMPAIGN seed=100 outcome=victory node=9 steps=183 battles=8 final_battle_sever_events=3
PROVISIONAL COMBAT: 15386 checks; 0 failures; 20 seeds played twice; 38 wins, 2 defeats, 596 explicit Severs, 4934 campaign commands. Pure-model tests of restored code; original-game parity and human playability unverified.
Godot Engine v4.7.2.stable.official.ed1daf0bf - https://godotengine.org

PROVISIONAL UI: 160 checks; 0 failures. Headless handlers, not visual QA.
Godot Engine v4.7.2.stable.official.ed1daf0bf - https://godotengine.org

DEFAULT-PATH RECOVERY: 14 checks; 0 failures

All source regression suites passed. Logs: /workspace/scratch/1164483895fe/ashen-oath-resume-20261010/verification/provisional-combat/full-suite
