Godot Engine v4.7.2.stable.official.ed1daf0bf - https://godotengine.org

Full route seed 1: 28 turns/choices, 40 essence, 120 gold
Full route seed 2: 30 turns/choices, 45 essence, 152 gold
Full route seed 3: 32 turns/choices, 47 essence, 150 gold
Full route seed 42: 32 turns/choices, 49 essence, 188 gold
Full route seed 2607: 28 turns/choices, 40 essence, 128 gold
Full route seed 999: 33 turns/choices, 52 essence, 182 gold
ASHEN OATH MODEL: 78 checks; 0 failures
Godot Engine v4.7.2.stable.official.ed1daf0bf - https://godotengine.org

UI HANDLER TESTS PASSED: 96 (headless, not rendered visual QA)
Godot Engine v4.7.2.stable.official.ed1daf0bf - https://godotengine.org

RESUME TEST PASSED: 7 assertions, including exact next-round continuity
Godot Engine v4.7.2.stable.official.ed1daf0bf - https://godotengine.org

CAMPAIGN STRESS PASSED: 50 seeds, 50 wins, 0 defeats; no hangs or invalid HP/MP. Scripted rules play, not human screen play.
Godot Engine v4.7.2.stable.official.ed1daf0bf - https://godotengine.org

ANIMATION TESTS PASSED: 1133 checks (runtime, studio handlers, original atlas pixels)
Godot Engine v4.7.2.stable.official.ed1daf0bf - https://godotengine.org

GENERATED ART: 177 checks; 0 failures
Godot Engine v4.7.2.stable.official.ed1daf0bf - https://godotengine.org

TACTICAL FORECAST / SAFEGUARD TESTS PASSED: 770
Godot Engine v4.7.2.stable.official.ed1daf0bf - https://godotengine.org

Sequential forecast matrix: 1944 cases
BOSS COUNTERPLAY MODEL: 22054 checks; 0 failures. Model tests only, not human visual QA.
Godot Engine v4.7.2.stable.official.ed1daf0bf - https://godotengine.org

COUNTERPLAY UI CHECKS PASSED: 121 (headless layout/handlers, not visual QA)
Godot Engine v4.7.2.stable.official.ed1daf0bf - https://godotengine.org

FINISHER: nonlethal, guard and rejected-action checks finished
FINISHER: HP kill and all three last-part sever paths finished
FINISHER: public action guards and stale button emissions finished
FINISHER: viewport input, held/released keys and click isolation finished
FINISHER: focused old action button and Space-through-kill isolation finished
FINISHER: battle Space/confirmation overlap and preserved menu/dialog accessibility finished
FINISHER: natural timeout, idempotent completion and one reward choice finished
FINISHER: autosave during presentation and fresh-scene resume finished
FINISHER: final-boss reward and one-time legacy settlement finished
FINISHER: defeat, shader defaults and fresh-battle reset finished
FINISHER TESTS: 374 checks; 0 failures (headless scene/model/input/save coverage, not visual QA)
Godot Engine v4.7.2.stable.official.ed1daf0bf - https://godotengine.org

REGION ARENA TESTS: 81 checks; 0 failures (assets/selector/layout, not native visual QA)
Godot Engine v4.7.2.stable.official.ed1daf0bf - https://godotengine.org

LOCALIZATION SELFTEST: 159353 checks, 52835 display strings reviewed, 0 failures
Godot Engine v4.7.2.stable.official.ed1daf0bf - https://godotengine.org

LOCALIZED UI SELFTEST: 36038 checks; 92 contexts; 0 failures (headless layout/input/font coverage, not native visual QA)
Godot Engine v4.7.2.stable.official.ed1daf0bf - https://godotengine.org

SAVE RECOVERY: 188 checks; 0 failures
Godot Engine v4.7.2.stable.official.ed1daf0bf - https://godotengine.org

REFERENCE CONTRACT: 15 checks; 0 failures. Evidence admission only, not mechanics equivalence or fun validation.
Godot Engine v4.7.2.stable.official.ed1daf0bf - https://godotengine.org

DEFAULT-PATH RECOVERY: 14 checks; 0 failures

All source regression suites passed. Logs: ./.runtime/phase0-final-tests
